// Jest Snapshot v1, https://goo.gl/fbAQLP

exports[`Pruebas con el componente CounterApp Prueba hacer match con snapshot 1`] = `
<div>
  <h1>
    CounterApp
  </h1>
  <h2
    data-testid="test-value"
  >
     
    1
     
  </h2>
  <button>
     +1 
  </button>
  <button>
     -1 
  </button>
  <button
    aria-label="btn-reset"
  >
     Reset 
  </button>
</div>
`;
