// Jest Snapshot v1, https://goo.gl/fbAQLP

exports[`Pruebas en <FirstApp /> Debe de hacer match con el snapshot 1`] = `
<div>
  <h1>
    Hola, Soy Goku
    9
  </h1>
  <code>
    {"message":"Hola Mundo","title":"Carlos"}
  </code>
  <p>
    124
  </p>
</div>
`;

exports[`Pruebas en <FirstApp /> Debe de mostrar el t√≠tulo en un h1 1`] = `
<div>
  <h1>
    Hola, Soy Goku
    9
  </h1>
  <code>
    {"message":"Hola Mundo","title":"Carlos"}
  </code>
  <p>
    124
  </p>
</div>
`;
